C:\Users\91905\Desktop\ai\feed forward.py
C:\Users\91905\Desktop\ai\decision tree.py
C:\Users\91905\Desktop\ai\minimax.py
C:\Users\91905\AppData\Local\Programs\Python\Python311\minimax.py
C:\Users\91905\Desktop\ai\tic toe.py
C:\Users\91905\AppData\Local\Programs\Python\Python311\tic toe.py
C:\Users\91905\AppData\Local\Programs\Python\Python311\8n puzzle problem.py
C:\Users\91905\AppData\Local\Programs\Python\Python311\play_chess.py
C:\Users\91905\AppData\Local\Programs\Python\Python311\play.py
C:\Users\91905\AppData\Local\Programs\Python\Python311\chess.py
C:\Users\91905\AppData\Local\Programs\Python\Python311\greedy best first search.py
C:\Users\91905\AppData\Local\Programs\Python\Python311\salesman problem.py
C:\Users\91905\AppData\Local\Programs\Python\Python311\PHYTHON.PY
C:\Users\91905\AppData\Local\Programs\Python\Python311\map.py
C:\Users\91905\AppData\Local\Programs\Python\Python311\DFS.py
C:\Users\91905\AppData\Local\Programs\Python\Python311\BFS.2.py
C:\Users\91905\AppData\Local\Programs\Python\Python311\BFS.PY
C:\Users\91905\AppData\Local\Programs\Python\Python311\8 QUEEN PROBLRM.PY
C:\Users\91905\AppData\Local\Programs\Python\Python311\practisde1.py
C:\Users\91905\AppData\Local\Programs\Python\Python311\TOWER OF HANOI.PY
C:\Users\91905\AppData\Local\Programs\Python\Python311\VACCUM CLEANER .PY
